---
source: crates/gardswag-syntax/src/tests.rs
expression: "parse(\"{ a }\").unwrap()"
---
- - a
- stmts: []
  term:
    offset: 2
    inner:
      Identifier: 1
    extra: ~

