---
source: crates/gardswag/src/main.rs
assertion_line: 254
expression: main_interp(&x.0)
---
Integer: 2

