---
source: crates/gardswag/src/tests.rs
expression: "main_check(\"0//0\").map_err(|e| e.to_string())"
---
Err: "@1: expected record, got Ty{Int}"

