---
source: crates/gardswag/src/main.rs
expression: "main_check(r#\"\n                \\x\n                let id = \\y y;\n                .{\n                  id;\n                  x;\n                  y = \"{x}\";\n                }\n            \"#).unwrap()"
---
- stmts: []
  term:
    offset: 17
    inner:
      Lambda:
        arg: x
        body:
          offset: 36
          inner:
            Let:
              lhs:
                offset: 40
                inner: id
              rhs:
                offset: 45
                inner:
                  Lambda:
                    arg: y
                    body:
                      offset: 48
                      inner:
                        Identifier: y
              rest:
                stmts: []
                term:
                  offset: 67
                  inner:
                    Record:
                      id:
                        offset: 88
                        inner:
                          Identifier: id
                      x:
                        offset: 110
                        inner:
                          Identifier: x
                      y:
                        offset: 135
                        inner:
                          FormatString:
                            - offset: 136
                              inner:
                                Block:
                                  stmts: []
                                  term:
                                    offset: 137
                                    inner:
                                      Identifier: x
- forall:
    - 2
    - 4
  ty:
    Arrow:
      - Var: 2
      - Record:
          id:
            Arrow:
              - Var: 4
              - Var: 4
          x:
            Var: 2
          y:
            Literal: String

