---
source: crates/gardswag/src/tests.rs
expression: result
---
Integer(
    2,
)
