---
source: crates/gardswag/src/tests.rs
expression: result
---
Record(
    {
        "a": PureString(
            "what",
        ),
        "b": PureString(
            "no",
        ),
        "c": Integer(
            50,
        ),
    },
)
