---
source: crates/gardswag/src/main.rs
assertion_line: 243
expression: main_interp(&x.0)
---
Integer: 1

