---
source: crates/gardswag/src/tests.rs
expression: x
---
- - id
  - x
  - std
  - plus
  - minus
  - mult
  - eq
  - leq
  - not
  - spawn_thread
  - make_chan
  - send
  - recv
  - chan_send
  - chan_recv
  - None
  - Some
  - stdio
  - write
- stmts: []
  term:
    offset: 17
    inner:
      Let:
        lhs:
          offset: 21
          inner: 1
          extra: ~
        rhs:
          offset: 26
          inner:
            Lambda:
              arg:
                offset: 27
                inner: 2
                extra: ~
              body:
                offset: 29
                inner:
                  Identifier: 2
                extra:
                  ty:
                    Var: 5
                  ident_multi: 0
          extra:
            ty:
              Arrow:
                arg_multi: Linear
                arg:
                  Var: 5
                ret:
                  Var: 5
            ident_multi: 1
        rest:
          stmts: []
          term:
            offset: 48
            inner:
              Call:
                prim:
                  offset: 48
                  inner:
                    Identifier: 1
                  extra:
                    ty:
                      Arrow:
                        arg_multi: Linear
                        arg:
                          Literal: Int
                        ret:
                          Literal: Int
                    ident_multi: 0
                arg:
                  offset: 51
                  inner:
                    Integer: 1
                  extra:
                    ty:
                      Literal: Int
                    ident_multi: 0
            extra:
              ty:
                Literal: Int
              ident_multi: 0
    extra:
      ty:
        Literal: Int
      ident_multi: 1
- forall: []
  forall_args: []
  ty:
    Literal: Int

