---
source: crates/gardswag/src/main.rs
expression: main_interp(&x.0)
---
Integer: 2

